// Jest Snapshot v1, https://goo.gl/fbAQLP

exports[`CurrentColors should match the snapshot with the data passed through 1`] = `
<section
  className="current-colors"
>
  <Color
    color={
      Object {
        "backgroundColor": "#25b25d",
      }
    }
    isLocked={false}
    key="#25b25d"
  />
</section>
`;
