// Jest Snapshot v1, https://goo.gl/fbAQLP

exports[`Color should match the snapshot with the data passed through 1`] = `
<article
  className="color"
  style={
    Object {
      "backgroundColor": "#FFFFFF",
    }
  }
>
  <button
    onClick={[Function]}
  >
    <FaLockOpen />
  </button>
  <p>
    #FFFFFF
  </p>
</article>
`;
