// Jest Snapshot v1, https://goo.gl/fbAQLP

exports[`CreatePaletteForm should match the snapshot with the data passed through 1`] = `
<section
  className="CreatePalette_section"
>
  <form
    className="CreatePalette_form"
  >
    <select
      onChange={[Function]}
    >
      <option
        value=""
      >
        Pick Project
      </option>
      <option
        key="Winter"
        value="Winter"
      >
        Winter
      </option>
    </select>
    <input
      autoComplete="off"
      name="name"
      onChange={[Function]}
      placeholder="Palette Name..."
      type="text"
      value=""
    />
    <button
      disabled={true}
      onClick={[Function]}
    >
      Save
    </button>
  </form>
</section>
`;
